Last login: Thu Sep 28 19:16:05 on ttys000
jerome@MacBook-Pro-de-VITOFFODJI ~ % pwd
/Users/jerome
jerome@MacBook-Pro-de-VITOFFODJI ~ % ls
Applications			Notes-Poids-Individuels.Rmd
Desktop				Pictures
Documents			Public
Downloads			PycharmProjects
Library				Sans-titre.pdf
Mond4D.nii			Sites
Movies				TP8.R
Music				eclipse-workspace
jerome@MacBook-Pro-de-VITOFFODJI ~ % cd Documents
jerome@MacBook-Pro-de-VITOFFODJI Documents % ls
Adobe
Ancien_Cours
Capture d’écran 2023-06-27 à 11.00.33.png
Jerôme
L2-MIASHS
L3-MIASHS
Logiciel
Recherches
Résultat de Terminal.txt
Video
jerome@MacBook-Pro-de-VITOFFODJI Documents % cd L3-MIASHS
jerome@MacBook-Pro-de-VITOFFODJI L3-MIASHS % cd Semestre5 
jerome@MacBook-Pro-de-VITOFFODJI Semestre5 % cd Gestion_de_projet
jerome@MacBook-Pro-de-VITOFFODJI Gestion_de_projet % cd TP
jerome@MacBook-Pro-de-VITOFFODJI TP % pwd
/Users/jerome/Documents/L3-MIASHS/Semestre5/Gestion_de_projet/TP
jerome@MacBook-Pro-de-VITOFFODJI TP % git config --global user "JeromeVitof"
error: key does not contain a section: user
jerome@MacBook-Pro-de-VITOFFODJI TP % git config --global user.name "JeromeVitof"
jerome@MacBook-Pro-de-VITOFFODJI TP % git config --global user.email "jeromevitoff@gmail.com
dquote> "
jerome@MacBook-Pro-de-VITOFFODJI TP % mkr ProjetIndivi
zsh: command not found: mkr
jerome@MacBook-Pro-de-VITOFFODJI TP % mkdir ProjetIndivi
jerome@MacBook-Pro-de-VITOFFODJI TP % cd ProjetIndivi
jerome@MacBook-Pro-de-VITOFFODJI ProjetIndivi % echo "# Projet L3" >> README.md
jerome@MacBook-Pro-de-VITOFFODJI ProjetIndivi % git init
Initialized empty Git repository in /Users/jerome/Documents/L3-MIASHS/Semestre5/Gestion_de_projet/TP/ProjetIndivi/.git/
jerome@MacBook-Pro-de-VITOFFODJI ProjetIndivi % git add README.md
jerome@MacBook-Pro-de-VITOFFODJI ProjetIndivi % git commit -m "le message obligatoire à chaque commit"
[main (root-commit) c7124f1] le message obligatoire à chaque commit
 1 file changed, 1 insertion(+)
 create mode 100644 README.md
jerome@MacBook-Pro-de-VITOFFODJI ProjetIndivi % git remote add origin https://github.com/JeromeVitof/ProjetIndivi.git
jerome@MacBook-Pro-de-VITOFFODJI ProjetIndivi % git push -u origin master
error: src refspec master does not match any
error: failed to push some refs to 'https://github.com/JeromeVitof/ProjetIndivi.git'
jerome@MacBook-Pro-de-VITOFFODJI ProjetIndivi % git push -u origin main  
Username for 'https://github.com': JeromeVitof
Password for 'https://JeromeVitof@github.com': 
remote: Support for password authentication was removed on August 13, 2021.
remote: Please see https://docs.github.com/en/get-started/getting-started-with-git/about-remote-repositories#cloning-with-https-urls for information on currently recommended modes of authentication.
fatal: Authentication failed for 'https://github.com/JeromeVitof/ProjetIndivi.git/'
jerome@MacBook-Pro-de-VITOFFODJI ProjetIndivi % git push -u origin main
Username for 'https://github.com': JeromeVitof
Password for 'https://JeromeVitof@github.com': 
remote: Support for password authentication was removed on August 13, 2021.
remote: Please see https://docs.github.com/en/get-started/getting-started-with-git/about-remote-repositories#cloning-with-https-urls for information on currently recommended modes of authentication.
fatal: Authentication failed for 'https://github.com/JeromeVitof/ProjetIndivi.git/'
jerome@MacBook-Pro-de-VITOFFODJI ProjetIndivi %  git config ––global credential.helper store
error: key does not contain a section: ––global
jerome@MacBook-Pro-de-VITOFFODJI ProjetIndivi % git confi --global credential.helper store
git: 'confi' is not a git command. See 'git --help'.

The most similar command is
	config
jerome@MacBook-Pro-de-VITOFFODJI ProjetIndivi % git remote add https://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@github.com/JeromeVitof/ProjetIndiv.git
usage: git remote add [<options>] <name> <url>

    -f, --fetch           fetch the remote branches
    --tags                import all tags and associated objects when fetching
                          or do not fetch any tag at all (--no-tags)
    -t, --track <branch>  branch(es) to track
    -m, --master <branch>
                          master branch
    --mirror[=(push|fetch)]
                          set up remote as a mirror to push to or fetch from

jerome@MacBook-Pro-de-VITOFFODJI ProjetIndivi % git push -u origin master
error: src refspec master does not match any
error: failed to push some refs to 'https://github.com/JeromeVitof/ProjetIndivi.git'
jerome@MacBook-Pro-de-VITOFFODJI ProjetIndivi % git push -u origin main  
Username for 'https://github.com': JeromeVitof
Password for 'https://JeromeVitof@github.com': 
remote: Support for password authentication was removed on August 13, 2021.
remote: Please see https://docs.github.com/en/get-started/getting-started-with-git/about-remote-repositories#cloning-with-https-urls for information on currently recommended modes of authentication.
fatal: Authentication failed for 'https://github.com/JeromeVitof/ProjetIndivi.git/'
jerome@MacBook-Pro-de-VITOFFODJI ProjetIndivi % git remote add origin https://github.com/JeromeVitof/ProjetIndiv.git

error: remote origin already exists.
jerome@MacBook-Pro-de-VITOFFODJI ProjetIndivi % git remote remove origi
error: No such remote: 'origi'
jerome@MacBook-Pro-de-VITOFFODJI ProjetIndivi % git remote remove origin
jerome@MacBook-Pro-de-VITOFFODJI ProjetIndivi % git remote add origin https://github.com/JeromeVitof/ProjetIndiv.git

jerome@MacBook-Pro-de-VITOFFODJI ProjetIndivi % git push -u origin main  

Username for 'https://github.com': JeromeVitof 
Password for 'https://JeromeVitof@github.com': 
remote: Repository not found.
fatal: repository 'https://github.com/JeromeVitof/ProjetIndiv.git/' not found
jerome@MacBook-Pro-de-VITOFFODJI ProjetIndivi % git remote remove origin
jerome@MacBook-Pro-de-VITOFFODJI ProjetIndivi % git remote add origin https://github.com/JeromeVitof/ProjetIndivi
jerome@MacBook-Pro-de-VITOFFODJI ProjetIndivi % git push -u origin main
fatal: unable to access 'https://github.com/JeromeVitof/ProjetIndivi/': Could not resolve host: github.com
jerome@MacBook-Pro-de-VITOFFODJI ProjetIndivi % git push -u origin main
Username for 'https://github.com': JeromeVitof
Password for 'https://JeromeVitof@github.com': 
Enumerating objects: 3, done.
Counting objects: 100% (3/3), done.
Writing objects: 100% (3/3), 248 bytes | 248.00 KiB/s, done.
Total 3 (delta 0), reused 0 (delta 0), pack-reused 0
To https://github.com/JeromeVitof/ProjetIndivi
 * [new branch]      main -> main
branch 'main' set up to track 'origin/main'.
jerome@MacBook-Pro-de-VITOFFODJI ProjetIndivi % git add toto.txt
fatal: pathspec 'toto.txt' did not match any files
jerome@MacBook-Pro-de-VITOFFODJI ProjetIndivi %  echo >> toto.txt 
jerome@MacBook-Pro-de-VITOFFODJI ProjetIndivi % rm toto.txt        
jerome@MacBook-Pro-de-VITOFFODJI ProjetIndivi %  echo "# C'est vide" >> toto.txt
jerome@MacBook-Pro-de-VITOFFODJI ProjetIndivi % git add toto.txt
jerome@MacBook-Pro-de-VITOFFODJI ProjetIndivi % git commit -m "ajout de toto.txt"
[main c81450b] ajout de toto.txt
 1 file changed, 1 insertion(+)
 create mode 100644 toto.txt
jerome@MacBook-Pro-de-VITOFFODJI ProjetIndivi % rm toto.txt
jerome@MacBook-Pro-de-VITOFFODJI ProjetIndivi %  echo "# C'est mon premier dossier" >> toto.txt
jerome@MacBook-Pro-de-VITOFFODJI ProjetIndivi % git init
Reinitialized existing Git repository in /Users/jerome/Documents/L3-MIASHS/Semestre5/Gestion_de_projet/TP/ProjetIndivi/.git/
jerome@MacBook-Pro-de-VITOFFODJI ProjetIndivi % git add toto.txt
jerome@MacBook-Pro-de-VITOFFODJI ProjetIndivi % git commit -m "ajout de toto.txt"
[main 8d98bd7] ajout de toto.txt
 1 file changed, 1 insertion(+), 1 deletion(-)
jerome@MacBook-Pro-de-VITOFFODJI ProjetIndivi % git push -u origin main
Enumerating objects: 7, done.
Counting objects: 100% (7/7), done.
Delta compression using up to 8 threads
Compressing objects: 100% (4/4), done.
Writing objects: 100% (6/6), 571 bytes | 571.00 KiB/s, done.
Total 6 (delta 0), reused 0 (delta 0), pack-reused 0
To https://github.com/JeromeVitof/ProjetIndivi
   c7124f1..8d98bd7  main -> main
branch 'main' set up to track 'origin/main'.
jerome@MacBook-Pro-de-VITOFFODJI ProjetIndivi % git pull
Already up to date.
jerome@MacBook-Pro-de-VITOFFODJI ProjetIndivi % echo "# toto1 crée" >> toto1.txt
jerome@MacBook-Pro-de-VITOFFODJI ProjetIndivi % echo "# toto2 est crée" >> toto2.txt
jerome@MacBook-Pro-de-VITOFFODJI ProjetIndivi % echo "# toto3 est crée" >> toto3.txt
jerome@MacBook-Pro-de-VITOFFODJI ProjetIndivi % git add toto1.txt
jerome@MacBook-Pro-de-VITOFFODJI ProjetIndivi % git add toto2.txt
jerome@MacBook-Pro-de-VITOFFODJI ProjetIndivi % git add toto3.txt
jerome@MacBook-Pro-de-VITOFFODJI ProjetIndivi % git commit -m "ajout de toto1.txt"
[main f22fd42] ajout de toto1.txt
 3 files changed, 3 insertions(+)
 create mode 100644 toto1.txt
 create mode 100644 toto2.txt
 create mode 100644 toto3.txt
jerome@MacBook-Pro-de-VITOFFODJI ProjetIndivi % git push
Enumerating objects: 6, done.
Counting objects: 100% (6/6), done.
Delta compression using up to 8 threads
Compressing objects: 100% (2/2), done.
Writing objects: 100% (5/5), 430 bytes | 430.00 KiB/s, done.
Total 5 (delta 0), reused 0 (delta 0), pack-reused 0
To https://github.com/JeromeVitof/ProjetIndivi
   8d98bd7..f22fd42  main -> main
jerome@MacBook-Pro-de-VITOFFODJI ProjetIndivi % git rm toto1.txt
rm 'toto1.txt'
jerome@MacBook-Pro-de-VITOFFODJI ProjetIndivi % git rm toto2.txt
rm 'toto2.txt'
jerome@MacBook-Pro-de-VITOFFODJI ProjetIndivi % git rm toto3.txt
rm 'toto3.txt'
jerome@MacBook-Pro-de-VITOFFODJI ProjetIndivi % git rm toto3.txt
fatal: pathspec 'toto3.txt' did not match any files
jerome@MacBook-Pro-de-VITOFFODJI ProjetIndivi % git pull
Already up to date.
jerome@MacBook-Pro-de-VITOFFODJI ProjetIndivi % git branch
* main
jerome@MacBook-Pro-de-VITOFFODJI ProjetIndivi % git checkout -b ma_branche
Switched to a new branch 'ma_branche'
jerome@MacBook-Pro-de-VITOFFODJI ProjetIndivi % git push -u origin ma_branche
Total 0 (delta 0), reused 0 (delta 0), pack-reused 0
remote: 
remote: Create a pull request for 'ma_branche' on GitHub by visiting:
remote:      https://github.com/JeromeVitof/ProjetIndivi/pull/new/ma_branche
remote: 
To https://github.com/JeromeVitof/ProjetIndivi
 * [new branch]      ma_branche -> ma_branche
branch 'ma_branche' set up to track 'origin/ma_branche'.
jerome@MacBook-Pro-de-VITOFFODJI ProjetIndivi % echo "#nouveau fichier de Bob" >> bob.txt
jerome@MacBook-Pro-de-VITOFFODJI ProjetIndivi % git add bob.txt
jerome@MacBook-Pro-de-VITOFFODJI ProjetIndivi % git commit -m "mon nouveau fichier"
[ma_branche 8487acb] mon nouveau fichier
 4 files changed, 1 insertion(+), 3 deletions(-)
 create mode 100644 bob.txt
 delete mode 100644 toto1.txt
 delete mode 100644 toto2.txt
 delete mode 100644 toto3.txt
jerome@MacBook-Pro-de-VITOFFODJI ProjetIndivi % git push -u origin ma_branche
Enumerating objects: 4, done.
Counting objects: 100% (4/4), done.
Delta compression using up to 8 threads
Compressing objects: 100% (2/2), done.
Writing objects: 100% (3/3), 334 bytes | 334.00 KiB/s, done.
Total 3 (delta 0), reused 0 (delta 0), pack-reused 0
To https://github.com/JeromeVitof/ProjetIndivi
   f22fd42..8487acb  ma_branche -> ma_branche
branch 'ma_branche' set up to track 'origin/ma_branche'.
jerome@MacBook-Pro-de-VITOFFODJI ProjetIndivi % git branch
* ma_branche
  main
jerome@MacBook-Pro-de-VITOFFODJI ProjetIndivi % git checkout main
Switched to branch 'main'
Your branch is up to date with 'origin/main'.
jerome@MacBook-Pro-de-VITOFFODJI ProjetIndivi % git pull
Already up to date.
jerome@MacBook-Pro-de-VITOFFODJI ProjetIndivi % echo "# Mon fichier tata# >> tata.txt
dquote> git add tata.txt
dquote> "
# Mon fichier tata# >> tata.txt
git add tata.txt

jerome@MacBook-Pro-de-VITOFFODJI ProjetIndivi % git commit "Rajout du fichier tata"
error: pathspec 'Rajout du fichier tata' did not match any file(s) known to git
jerome@MacBook-Pro-de-VITOFFODJI ProjetIndivi % git commit -m "Rajout du fichier tata"
On branch main
Your branch is up to date with 'origin/main'.

Untracked files:
  (use "git add <file>..." to include in what will be committed)
	.DS_Store

nothing added to commit but untracked files present (use "git add" to track)
jerome@MacBook-Pro-de-VITOFFODJI ProjetIndivi % git branch
  ma_branche
* main
jerome@MacBook-Pro-de-VITOFFODJI ProjetIndivi % git push -u origin ma_branche
branch 'ma_branche' set up to track 'origin/ma_branche'.
Everything up-to-date
jerome@MacBook-Pro-de-VITOFFODJI ProjetIndivi % pull
zsh: command not found: pull
jerome@MacBook-Pro-de-VITOFFODJI ProjetIndivi % git pull
Already up to date.
jerome@MacBook-Pro-de-VITOFFODJI ProjetIndivi % git checkout ma_branche
Switched to branch 'ma_branche'
Your branch is up to date with 'origin/ma_branche'.
jerome@MacBook-Pro-de-VITOFFODJI ProjetIndivi % git branch
* ma_branche
  main
jerome@MacBook-Pro-de-VITOFFODJI ProjetIndivi % git checkout main
Switched to branch 'main'
Your branch is up to date with 'origin/main'.
jerome@MacBook-Pro-de-VITOFFODJI ProjetIndivi % git merge ma_branche
Updating f22fd42..8487acb
Fast-forward
 bob.txt   | 1 +
 toto1.txt | 1 -
 toto2.txt | 1 -
 toto3.txt | 1 -
 4 files changed, 1 insertion(+), 3 deletions(-)
 create mode 100644 bob.txt
 delete mode 100644 toto1.txt
 delete mode 100644 toto2.txt
 delete mode 100644 toto3.txt
jerome@MacBook-Pro-de-VITOFFODJI ProjetIndivi % git commit -m "je viens de merge"
On branch main
Your branch is ahead of 'origin/main' by 1 commit.
  (use "git push" to publish your local commits)

Untracked files:
  (use "git add <file>..." to include in what will be committed)
	.DS_Store

nothing added to commit but untracked files present (use "git add" to track)
jerome@MacBook-Pro-de-VITOFFODJI ProjetIndivi % git push
Total 0 (delta 0), reused 0 (delta 0), pack-reused 0
To https://github.com/JeromeVitof/ProjetIndivi
   f22fd42..8487acb  main -> main
jerome@MacBook-Pro-de-VITOFFODJI ProjetIndivi % git branch -D ma_branche
Deleted branch ma_branche (was 8487acb).
jerome@MacBook-Pro-de-VITOFFODJI ProjetIndivi % git push origin --delete ma_branche
To https://github.com/JeromeVitof/ProjetIndivi
 - [deleted]         ma_branche
jerome@MacBook-Pro-de-VITOFFODJI ProjetIndivi % 
